// Jest Snapshot v1, https://goo.gl/fbAQLP

exports[`should render edit page correctly  1`] = `
<div>
  <ExpenseForm
    expense={
      Object {
        "amount": 132,
        "createdAt": 0,
        "description": "rent",
        "id": "1",
        "note": "",
      }
    }
    onSubmit={[Function]}
  />
  <button
    onClick={[Function]}
  >
     remove 
  </button>
</div>
`;
