// Jest Snapshot v1, https://goo.gl/fbAQLP

exports[`Not found page 1`] = `
<div>
  Not Found Page -
</div>
`;
